// Jest Snapshot v1, https://goo.gl/fbAQLP

exports[`renders correctly 1`] = `
<View
  style={
    Object {
      "borderBottomColor": "#333",
      "borderWidth": 1,
      "height": 50,
      "width": "100%",
    }
  }
>
  <View
    style={
      Object {
        "alignItems": "flex-start",
        "flex": 1,
        "flexDirection": "row",
        "justifyContent": "space-around",
      }
    }
  >
    <View>
      <Text>
        Repo Name: 
      </Text>
    </View>
    <View>
      <Text>
        hello
      </Text>
    </View>
  </View>
  <View
    style={
      Object {
        "alignItems": "flex-start",
        "flex": 1,
        "flexDirection": "row",
        "justifyContent": "space-around",
      }
    }
  >
    <Text>
      Owner Name: 
    </Text>
    <Text>
      test
    </Text>
  </View>
  <View
    style={
      Object {
        "alignItems": "flex-start",
        "flex": 1,
        "flexDirection": "row",
        "justifyContent": "space-around",
      }
    }
  >
    <Text>
      Description: 
    </Text>
    <Text>
      world
    </Text>
  </View>
</View>
`;
